HI-TECH Software C Compiler 

Linker command line:

--edf=C:\Program Files (x86)\HI-TECH Software\PICC\9.82\dat\en_msgs.txt -cs \
  -h+main.sym -z -Q16F877 -ol.obj -Mmain.map -E1 -ACONST=00h-0FFhx32 \
  -ACODE=00h-07FFhx4 -ASTRCODE=00h-01FFFh -AENTRY=00h-0FFhx32 \
  -ASTRING=00h-0FFhx32 -ABANK0=020h-06Fh -ABANK1=0A0h-0EFh \
  -ABANK2=0110h-016Fh -ABANK3=0190h-01EFh \
  -ARAM=020h-06Fh,0A0h-0EFh,0110h-016Fh,0190h-01EFh \
  -AABS1=020h-07Fh,0A0h-0EFh,0110h-016Fh,0190h-01EFh -ACOMMON=070h-07Fh \
  -ASFR0=00h-01Fh -ASFR1=080h-09Fh -ASFR2=0100h-010Fh -ASFR3=0180h-018Fh \
  -preset_vec=00h,intentry,init,end_init -ppowerup=CODE -pfunctab=CODE \
  -ACONFIG=02007h-02007h -pconfig=CONFIG -DCONFIG=2 -AIDLOC=02000h-02003h \
  -pidloc=IDLOC -DIDLOC=2 -AEEDATA=00h-0FFh/02100h -peeprom_data=EEDATA \
  -DEEDATA=2 -DCODE=2 -DSTRCODE=2 -DSTRING=2 -DCONST=2 -DENTRY=2 -k \
  startup.obj main.obj 

Object code version is 3.10

Machine type is 16F877



                Name                               Link     Load   Length Selector   Space Scale
startup.obj     end_init                              0        0        3        0       0
main.obj        config                             2007     2007        1     400E       0
                text111                             6FA      6FA      106      DF4       0
                maintext                            6BC      6BC       3E      D78       0
                cstackBANK0                          20       20       10       20       1
                cstackCOMMON                         70       70        E       70       1
                cinit                               6B8      6B8        4      D70       0
                strings                               3        3       10        6       0

TOTAL           Name                               Link     Load   Length     Space
        CLASS   CONST          

        CLASS   CODE           
                end_init                              0        0        3         0
                text111                             6FA      6FA      106         0
                maintext                            6BC      6BC       3E         0
                cinit                               6B8      6B8        4         0

        CLASS   STRCODE        

        CLASS   ENTRY          

        CLASS   STRING         
                strings                               3        3       10         0

        CLASS   BANK0          
                cstackBANK0                          20       20       10         1

        CLASS   BANK1          

        CLASS   BANK2          

        CLASS   BANK3          

        CLASS   RAM            

        CLASS   ABS1           
                abs_s1                               7E       7E        2         1

        CLASS   COMMON         
                cstackCOMMON                         70       70        E         1

        CLASS   SFR0           

        CLASS   SFR1           

        CLASS   SFR2           

        CLASS   SFR3           

        CLASS   CONFIG         
                config                             2007     2007        1         0

        CLASS   IDLOC          

        CLASS   EEDATA         



SEGMENTS        Name                           Load    Length   Top    Selector   Space  Class     Delta

                reset_vec                      000000  000003  000003         0       0  CODE        2
                strings                        000003  000010  000013         6       0  STRING      2
                cstackBANK0                    000020  000010  000030        20       1  BANK0       1
                cstackCOMMON                   000070  00000E  00007E        70       1  COMMON      1
                cinit                          0006B8  000004  0006BC       D70       0  CODE        2
                maintext                       0006BC  00003E  0006FA       D78       0  CODE        2
                text111                        0006FA  000106  000800       DF4       0  CODE        2
                config                         002007  000001  002008      400E       0  CONFIG      2


UNUSED ADDRESS RANGES

        Name                Unused          Largest block    Delta
        BANK0            0030-006F             40           1
        BANK1            00A0-00EF             50           1
        BANK2            0110-016F             60           1
        BANK3            0190-01EF             60           1
        CODE             0013-06B7            6A5           2
                         0800-1FFF            800
        CONST            0013-06B7            100           2
                         0800-1FFF            100
        EEDATA           2100-21FF            100           2
        ENTRY            0013-06B7            100           2
                         0800-1FFF            100
        IDLOC            2000-2003              4           2
        RAM              0030-006F             40           1
                         00A0-00EF             50
                         0110-016F             60
                         0190-01EF             60
        SFR0             0000-001F             20           1
        SFR1             0080-009F             20           1
        SFR2             0100-010F             10           1
        SFR3             0180-018F             10           1
        STRCODE          0013-06B7            6A5           2
                         0800-1FFF           1800
        STRING           0013-06B7            100           2
                         0800-1FFF            100

                                  Symbol Table

??_DELAY              cstackCOMMON 0070
??___awdiv            cstackCOMMON 007A
??___awmod            cstackCOMMON 0074
??_display            cstackCOMMON 007E
??_init               cstackCOMMON 0072
??_main               cstackCOMMON 007E
?_DELAY               cstackCOMMON 0070
?___awdiv             cstackCOMMON 0076
?___awmod             cstackCOMMON 0070
?_display             cstackBANK0  0020
?_init                cstackCOMMON 0070
?_main                cstackCOMMON 0070
DELAY@i               cstackCOMMON 0070
_ADCON0               (abs)        001F
_ADCON1               (abs)        009F
_ADRESL               (abs)        009E
_DELAY                text111      07A6
_GO_DONE              (abs)        00FA
_PORTA                (abs)        0005
_PORTD                (abs)        0008
_TABLE                strings      0009
_TRISA                (abs)        0085
_TRISD                (abs)        0088
__Habs1               abs1         0000
__Hbank0              bank0        0000
__Hbank1              bank1        0000
__Hbank2              bank2        0000
__Hbank3              bank3        0000
__Hcinit              cinit        0000
__Hclrtext            clrtext      0000
__Hcode               code         0000
__Hcommon             common       0000
__Hconfig             config       2008
__HcstackBANK0        cstackBANK0  0000
__HcstackCOMMON       cstackCOMMON 0000
__Heeprom_data        eeprom_data  0000
__Hend_init           end_init     0003
__Hfunctab            functab      0000
__Hidloc              idloc        0000
__Hinit               init         0000
__Hintentry           intentry     0000
__Hmaintext           maintext     0000
__Hpa_nodes           pa_nodes     0000
__Hpowerup            powerup      0000
__Hram                ram          0000
__Hreset_vec          reset_vec    0000
__Hsfr0               sfr0         0000
__Hsfr1               sfr1         0000
__Hsfr2               sfr2         0000
__Hsfr3               sfr3         0000
__Hstrings            strings      0000
__Htext               text         0000
__Labs1               abs1         0000
__Lbank0              bank0        0000
__Lbank1              bank1        0000
__Lbank2              bank2        0000
__Lbank3              bank3        0000
__Lcinit              cinit        0000
__Lclrtext            clrtext      0000
__Lcode               code         0000
__Lcommon             common       0000
__Lconfig             config       2007
__LcstackBANK0        cstackBANK0  0000
__LcstackCOMMON       cstackCOMMON 0000
__Leeprom_data        eeprom_data  0000
__Lend_init           end_init     0000
__Lfunctab            functab      0000
__Lidloc              idloc        0000
__Linit               init         0000
__Lintentry           intentry     0000
__Lmaintext           maintext     0000
__Lpa_nodes           pa_nodes     0000
__Lpowerup            powerup      0000
__Lram                ram          0000
__Lreset_vec          reset_vec    0000
__Lsfr0               sfr0         0000
__Lsfr1               sfr1         0000
__Lsfr2               sfr2         0000
__Lsfr3               sfr3         0000
__Lstrings            strings      0000
__Ltext               text         0000
__S0                  (abs)        2008
__S1                  (abs)        007E
__S2                  (abs)        0000
___awdiv              text111      07B3
___awdiv@counter      cstackCOMMON 007A
___awdiv@dividend     cstackCOMMON 0078
___awdiv@divisor      cstackCOMMON 0076
___awdiv@quotient     cstackCOMMON 007C
___awdiv@sign         cstackCOMMON 007B
___awmod              text111      0769
___awmod@counter      cstackCOMMON 0074
___awmod@dividend     cstackCOMMON 0072
___awmod@divisor      cstackCOMMON 0070
___awmod@sign         cstackCOMMON 0075
__end_of_DELAY        text111      07B3
__end_of___awdiv      text111      07F8
__end_of___awmod      text111      07A6
__end_of_display      text111      0769
__end_of_init         text111      0709
__end_of_main         maintext     06FA
__pcstackBANK0        cstackBANK0  0020
__pcstackCOMMON       cstackCOMMON 0070
__pmaintext           maintext     06BC
__pstrings            strings      0003
__ptext110            text111      0709
__ptext111            text111      06FA
__ptext112            text111      0769
__ptext113            text111      07B3
__ptext114            text111      07A6
__ptext115            text115      0000
__size_of_DELAY       (abs)        0000
__size_of___awdiv     (abs)        0000
__size_of___awmod     (abs)        0000
__size_of_display     (abs)        0000
__size_of_init        (abs)        0000
__size_of_main        (abs)        0000
_display              text111      0709
_display$1836         cstackBANK0  0028
_exit                 init         0000
_init                 text111      06FA
_main                 maintext     06BC
btemp                 (abs)        007E
display@bai           cstackBANK0  0022
display@ge            cstackBANK0  0026
display@shi           cstackBANK0  0024
display@temp          cstackBANK0  002A
display@x             cstackBANK0  0020
end_of_initialization cinit        06B8
intlevel0             functab      0000
intlevel1             functab      0000
intlevel2             functab      0000
intlevel3             functab      0000
intlevel4             functab      0000
intlevel5             functab      0000
l1462                                  
l1530                                  
l1920                                  
l1922                                  
l1926                                  
l1932                                  
l1936                                  
l1946                                  
l1950                                  
l1954                                  
l1958                                  
l1964                                  
l1966                                  
l1970                                  
l1990                                  
l1994                                  
l2000                                  
l2002                                  
l2004                                  
l2006                                  
l2008                                  
l2010                                  
l2012                                  
l2014                                  
l2016                                  
l2018                                  
l2020                                  
l2022                                  
l2024                                  
l2026                                  
l2028                                  
l2030                                  
l2032                                  
l2034                                  
l2036                                  
l2038                                  
l2040                                  
l2048                                  
l2052                                  
l2054                                  
l2058                                  
l660                                   
l663                                   
l669                                   
main@i                cstackBANK0  002C
main@result           cstackBANK0  002E
reset_vec             reset_vec    0000
start                 init         0000
start_initialization  cinit        06B8
wtemp0                (abs)        007E
